2026-09-17 15:24:13,137 - app.auth - ERROR - JWT authentication is not configured
2026-09-17 15:24:13,140 - app.auth - WARNING - Rejected invalid athlete bearer token: ValueError
2026-09-17 15:24:13,148 - app.intent - INFO - Intent validation completed
2026-09-17 15:24:13,149 - app.intent - INFO - Intent validation succeeded: metric comparison
2026-09-17 15:24:13,149 - app.intent - INFO - Intent validation completed
2026-09-17 15:24:13,167 - app.trends - INFO - Trend request validation started
2026-09-17 15:24:13,169 - app.trends - INFO - Trend data validation completed
2026-09-17 15:24:13,170 - app.trends - INFO - Trend data validation completed
2026-09-17 15:24:13,170 - app.trends - INFO - Trend comparison data completed
2026-09-17 15:24:13,172 - app.trends - INFO - Trend request validation started
2026-09-17 15:24:13,173 - app.trends - INFO - Trend data validation completed
2026-09-17 15:24:13,174 - app.trends - INFO - Trend comparison data completed
2026-09-17 15:24:13,175 - app.trends - INFO - Trend data validation completed
2026-09-17 15:24:13,176 - app.trends - INFO - Trend request validation started
2026-09-17 15:24:13,177 - app.trends - INFO - Trend data validation completed
2026-09-17 15:24:13,178 - app.trends - INFO - Trend comparison data completed
2026-09-17 15:24:13,179 - app.trends - WARNING - Trend metric validation failed
2026-09-17 15:25:45,787 - app.auth - ERROR - JWT authentication is not configured
2026-09-17 15:25:45,790 - app.auth - WARNING - Rejected invalid athlete bearer token: ValueError
2026-09-17 15:25:45,798 - app.intent - INFO - Intent validation completed
2026-09-17 15:25:45,799 - app.intent - INFO - Intent validation succeeded: metric comparison
2026-09-17 15:25:45,800 - app.intent - INFO - Intent validation completed
2026-09-17 15:25:45,801 - app.intent - INFO - Intent validation completed
2026-09-17 15:25:45,804 - app.intent - INFO - Intent validation completed
2026-09-17 15:25:45,811 - app.intent - INFO - Intent validation completed
2026-09-17 15:25:45,813 - app.intent - INFO - Intent validation completed
2026-09-17 15:25:45,814 - app.intent - INFO - Intent validation completed
2026-09-17 15:25:45,816 - app.intent - INFO - Intent validation completed
2026-09-17 15:25:45,822 - app.trends - INFO - Trend request validation started
2026-09-17 15:25:45,824 - app.trends - INFO - Trend data validation completed
2026-09-17 15:25:45,824 - app.trends - INFO - Trend data validation completed
2026-09-17 15:25:45,825 - app.trends - INFO - Trend comparison data completed
2026-09-17 15:25:45,827 - app.trends - INFO - Trend request validation started
2026-09-17 15:25:45,828 - app.trends - INFO - Trend data validation completed
2026-09-17 15:25:45,829 - app.trends - INFO - Trend comparison data completed
2026-09-17 15:25:45,829 - app.trends - INFO - Trend data validation completed
2026-09-17 15:25:45,831 - app.trends - INFO - Trend request validation started
2026-09-17 15:25:45,832 - app.trends - INFO - Trend data validation completed
2026-09-17 15:25:45,832 - app.trends - INFO - Trend comparison data completed
2026-09-17 15:25:45,834 - app.trends - WARNING - Trend metric validation failed
2026-09-17 15:27:16,223 - app.auth - ERROR - JWT authentication is not configured
2026-09-17 15:27:16,226 - app.auth - WARNING - Rejected invalid athlete bearer token: ValueError
2026-09-17 15:27:16,234 - app.intent - INFO - Intent validation completed
2026-09-17 15:27:16,234 - app.intent - INFO - Intent validation succeeded: metric comparison
2026-09-17 15:27:16,235 - app.intent - INFO - Intent validation completed
2026-09-17 15:27:16,236 - app.intent - INFO - Intent validation completed
2026-09-17 15:27:16,237 - app.trends - INFO - Trend request validation started
2026-09-17 15:27:16,240 - app.intent - INFO - Intent validation completed
2026-09-17 15:27:16,244 - app.intent - INFO - Intent validation completed
2026-09-17 15:27:16,244 - app.trends - INFO - Trend request validation started
2026-09-17 15:27:16,247 - app.intent - INFO - Intent validation completed
2026-09-17 15:27:16,248 - app.intent - INFO - Intent validation completed
2026-09-17 15:27:16,255 - app.trends - INFO - Trend request validation started
2026-09-17 15:27:16,257 - app.trends - INFO - Trend data validation completed
2026-09-17 15:27:16,258 - app.trends - INFO - Trend data validation completed
2026-09-17 15:27:16,259 - app.trends - INFO - Trend comparison data completed
2026-09-17 15:27:16,261 - app.trends - INFO - Trend request validation started
2026-09-17 15:27:16,262 - app.trends - INFO - Trend data validation completed
2026-09-17 15:27:16,262 - app.trends - INFO - Trend comparison data completed
2026-09-17 15:27:16,263 - app.trends - INFO - Trend data validation completed
2026-09-17 15:27:16,265 - app.trends - INFO - Trend request validation started
2026-09-17 15:27:16,265 - app.trends - INFO - Trend data validation completed
2026-09-17 15:27:16,266 - app.trends - INFO - Trend comparison data completed
2026-09-17 15:27:16,268 - app.trends - WARNING - Trend metric validation failed
2026-09-17 15:27:45,474 - app.auth - ERROR - JWT authentication is not configured
2026-09-17 15:27:45,477 - app.auth - WARNING - Rejected invalid athlete bearer token: ValueError
2026-09-17 15:27:45,485 - app.intent - INFO - Intent validation completed
2026-09-17 15:27:45,486 - app.intent - INFO - Intent validation succeeded: metric comparison
2026-09-17 15:27:45,486 - app.intent - INFO - Intent validation completed
2026-09-17 15:27:45,487 - app.intent - INFO - Intent validation completed
2026-09-17 15:27:45,491 - app.intent - INFO - Intent validation completed
2026-09-17 15:27:45,493 - app.intent - INFO - Intent validation completed
2026-09-17 15:27:45,498 - app.trends - INFO - Trend request validation started
2026-09-17 15:27:45,500 - app.trends - INFO - Trend data validation completed
2026-09-17 15:27:45,501 - app.trends - INFO - Trend data validation completed
2026-09-17 15:27:45,501 - app.trends - INFO - Trend comparison data completed
2026-09-17 15:27:45,503 - app.trends - INFO - Trend request validation started
2026-09-17 15:27:45,504 - app.trends - INFO - Trend data validation completed
2026-09-17 15:27:45,505 - app.trends - INFO - Trend comparison data completed
2026-09-17 15:27:45,505 - app.trends - INFO - Trend data validation completed
2026-09-17 15:27:45,507 - app.trends - INFO - Trend request validation started
2026-09-17 15:27:45,508 - app.trends - INFO - Trend data validation completed
2026-09-17 15:27:45,508 - app.trends - INFO - Trend comparison data completed
2026-09-17 15:27:45,510 - app.trends - WARNING - Trend metric validation failed
